../Drivers/CMSIS/Include/core_cm4.h:1933:34:__NVIC_SystemReset	4	static,ignoring_inline_asm
../Drivers/STM32WBxx_HAL_Driver/Inc/stm32wbxx_ll_system.h:2223:26:LL_FLASH_GetUDN	4	static
../Drivers/STM32WBxx_HAL_Driver/Inc/stm32wbxx_ll_system.h:2235:26:LL_FLASH_GetDeviceID	4	static
../Drivers/STM32WBxx_HAL_Driver/Inc/stm32wbxx_ll_system.h:2247:26:LL_FLASH_GetSTCompanyID	4	static
../STM32_WPAN/App/app_ble.c:303:6:APP_BLE_Init	80	static
../STM32_WPAN/App/app_ble.c:455:28:SVCCTL_App_Notification	72	static
../STM32_WPAN/App/app_ble.c:778:22:APP_BLE_Get_Server_Connection_Status	4	static
../STM32_WPAN/App/app_ble.c:792:13:Ble_Tl_Init	16	static
../STM32_WPAN/App/app_ble.c:803:13:Ble_Hci_Gap_Gatt_Init	72	static
../STM32_WPAN/App/app_ble.c:1099:13:Adv_Request	56	static
../STM32_WPAN/App/app_ble.c:1147:16:BleGetBdAddress	32	static
../STM32_WPAN/App/app_ble.c:1204:13:Adv_Cancel	16	static
../STM32_WPAN/App/app_ble.c:1240:6:BLE_SVC_L2CAP_Conn_Update	64	static
../STM32_WPAN/App/app_ble.c:1305:13:Connection_Interval_Update_Req	8	static
../STM32_WPAN/App/app_ble.c:1324:6:hci_notify_asynch_evt	16	static
../STM32_WPAN/App/app_ble.c:1331:6:hci_cmd_resp_release	16	static
../STM32_WPAN/App/app_ble.c:1338:6:hci_cmd_resp_wait	16	static
../STM32_WPAN/App/app_ble.c:1345:13:BLE_UserEvtRx	24	static
../STM32_WPAN/App/app_ble.c:1365:13:BLE_StatusNot	24	static
../STM32_WPAN/App/app_ble.c:1404:6:SVCCTL_ResumeUserEventFlow	8	static
