../Drivers/CMSIS/Include/core_cm4.h:1933:34:__NVIC_SystemReset	4	static,ignoring_inline_asm
../Drivers/STM32WBxx_HAL_Driver/Inc/stm32wbxx_ll_system.h:2223:26:LL_FLASH_GetUDN	4	static
../Drivers/STM32WBxx_HAL_Driver/Inc/stm32wbxx_ll_system.h:2235:26:LL_FLASH_GetDeviceID	4	static
../Drivers/STM32WBxx_HAL_Driver/Inc/stm32wbxx_ll_system.h:2247:26:LL_FLASH_GetSTCompanyID	4	static
../STM32_WPAN/App/app_ble.c:303:6:APP_BLE_Init	80	static
../STM32_WPAN/App/app_ble.c:455:28:SVCCTL_App_Notification	80	static
../STM32_WPAN/App/app_ble.c:805:22:APP_BLE_Get_Server_Connection_Status	4	static
../STM32_WPAN/App/app_ble.c:819:13:Ble_Tl_Init	16	static
../STM32_WPAN/App/app_ble.c:830:13:Ble_Hci_Gap_Gatt_Init	72	static
../STM32_WPAN/App/app_ble.c:1086:13:Adv_Request	56	static
../STM32_WPAN/App/app_ble.c:1134:16:BleGetBdAddress	32	static
../STM32_WPAN/App/app_ble.c:1191:13:Adv_Cancel	16	static
../STM32_WPAN/App/app_ble.c:1227:6:BLE_SVC_L2CAP_Conn_Update	64	static
../STM32_WPAN/App/app_ble.c:1292:13:Connection_Interval_Update_Req	8	static
../STM32_WPAN/App/app_ble.c:1311:6:hci_notify_asynch_evt	16	static
../STM32_WPAN/App/app_ble.c:1318:6:hci_cmd_resp_release	16	static
../STM32_WPAN/App/app_ble.c:1325:6:hci_cmd_resp_wait	16	static
../STM32_WPAN/App/app_ble.c:1332:13:BLE_UserEvtRx	24	static
../STM32_WPAN/App/app_ble.c:1352:13:BLE_StatusNot	24	static
../STM32_WPAN/App/app_ble.c:1391:6:SVCCTL_ResumeUserEventFlow	8	static
