../Core/Src/stm32wbxx_it.c:76:6:NMI_Handler	4	static
../Core/Src/stm32wbxx_it.c:91:6:HardFault_Handler	4	static
../Core/Src/stm32wbxx_it.c:106:6:MemManage_Handler	4	static
../Core/Src/stm32wbxx_it.c:121:6:BusFault_Handler	4	static
../Core/Src/stm32wbxx_it.c:136:6:UsageFault_Handler	4	static
../Core/Src/stm32wbxx_it.c:151:6:SVC_Handler	4	static
../Core/Src/stm32wbxx_it.c:164:6:DebugMon_Handler	4	static
../Core/Src/stm32wbxx_it.c:177:6:PendSV_Handler	4	static
../Core/Src/stm32wbxx_it.c:190:6:SysTick_Handler	8	static
../Core/Src/stm32wbxx_it.c:211:6:RTC_WKUP_IRQHandler	8	static
../Core/Src/stm32wbxx_it.c:225:6:RCC_IRQHandler	4	static
../Core/Src/stm32wbxx_it.c:238:6:EXTI4_IRQHandler	8	static
../Core/Src/stm32wbxx_it.c:252:6:DMA1_Channel1_IRQHandler	8	static
../Core/Src/stm32wbxx_it.c:266:6:USB_LP_IRQHandler	8	static
../Core/Src/stm32wbxx_it.c:280:6:EXTI9_5_IRQHandler	8	static
../Core/Src/stm32wbxx_it.c:295:6:TIM1_UP_TIM16_IRQHandler	8	static
../Core/Src/stm32wbxx_it.c:309:6:TIM2_IRQHandler	8	static
../Core/Src/stm32wbxx_it.c:323:6:USART1_IRQHandler	8	static
../Core/Src/stm32wbxx_it.c:337:6:IPCC_C1_RX_IRQHandler	8	static
../Core/Src/stm32wbxx_it.c:351:6:IPCC_C1_TX_IRQHandler	8	static
../Core/Src/stm32wbxx_it.c:365:6:HSEM_IRQHandler	8	static
../Core/Src/stm32wbxx_it.c:379:6:RNG_IRQHandler	8	static
